// Jest Snapshot v1, https://goo.gl/fbAQLP

exports[`Intergration Tests should match the snapshot 1`] = `
<Component>
  <Provider
    store={
      Object {
        "dispatch": [Function],
        "getState": [Function],
        "replaceReducer": [Function],
        "subscribe": [Function],
        Symbol(observable): [Function],
      }
    }
  >
    <Component>
      <div
        style={
          Object {
            "margin": "50px",
          }
        }
      >
        <Connect(CommentBox)>
          <CommentBox
            fetchComments={[Function]}
            saveComment={[Function]}
          >
            <div>
              <form
                onSubmit={[Function]}
              >
                <h4>
                  Add a Comment 
                </h4>
                <textarea
                  cols="30"
                  id=""
                  onChange={[Function]}
                  rows="10"
                  value=""
                />
                <div>
                  <button>
                    Submit Comment
                  </button>
                </div>
              </form>
              <button
                id="fetch-button"
                onClick={[Function]}
              >
                Fetch Comments
              </button>
            </div>
          </CommentBox>
        </Connect(CommentBox)>
        <Connect(CommentList)>
          <CommentList
            comments={Array []}
            dispatch={[Function]}
          >
            <div>
              <ul />
            </div>
          </CommentList>
        </Connect(CommentList)>
      </div>
    </Component>
  </Provider>
</Component>
`;
